[www.gretchencseibel.com/index.html]
[backblue.gif]
[fade.gif]
[index.html]
[www.gretchencseibel.com/images/favicon.ico]
[www.gretchencseibel.com/css/bootstrap.min.css]
[www.gretchencseibel.com/assets/ionicons/css/ionicons.css]
[www.gretchencseibel.com/assets/elegant-icons/style.css]
[www.gretchencseibel.com/css/owl.theme.css]
[www.gretchencseibel.com/css/owl.carousel.css]
[www.gretchencseibel.com/css/nivo-lightbox.css]
[www.gretchencseibel.com/css/nivo_themes/default/default.css]
[www.gretchencseibel.com/css/colors/orange.css]
[www.gretchencseibel.com/css/styles.css]
[www.gretchencseibel.com/css/responsive.css]
[www.gretchencseibel.com/images/img_gretchen-c-seibel-teacher.jpg]
[www.gretchencseibel.com/images/img_science.jpg]
[www.gretchencseibel.com/images/img_reading.jpg]
[www.gretchencseibel.com/images/img_newsletter.png]
[www.gretchencseibel.com/pdfs/GSeibel_JoyfulJourneys4th_7.pdf]
[www.gretchencseibel.com/pdfs/GSeibel_3rd_Language-Arts_Inferences.pdf]
[www.gretchencseibel.com/pdfs/GSeibel_4th_Math_Equivalent-Fractions.pdf]
[www.gretchencseibel.com/pdfs/GSeibel_4th_Science_Chemicals.pdf]
[www.gretchencseibel.com/pdfs/GSeibel_4th_Social-Studies_Geography.pdf]
[www.gretchencseibel.com/pdfs/GSeibel_4th_Social-Studies_Mission.pdf]
[www.gretchencseibel.com/js/jquery.min.js]
[www.gretchencseibel.com/js/bootstrap.min.js]
[www.gretchencseibel.com/js/retina-1.1.0.min.js]
[www.gretchencseibel.com/js/smoothscroll.js]
[www.gretchencseibel.com/js/jquery.scrollTo.min.js]
[www.gretchencseibel.com/js/jquery.localScroll.min.js]
[www.gretchencseibel.com/js/owl.carousel.min.js]
[www.gretchencseibel.com/js/nivo-lightbox.min.js]
[www.gretchencseibel.com/js/simple-expand.min.js]
[www.gretchencseibel.com/js/jquery.nav.js]
[www.gretchencseibel.com/js/jquery.fitvids.js]
[www.gretchencseibel.com/js/jquery.ajaxchimp.min.js]
[www.gretchencseibel.com/index.html]
[www.gretchencseibel.com/js/custom.js]
[www.gretchencseibel.com/fonts/glyphicons-halflings-regular.eot]
[www.gretchencseibel.com/fonts/glyphicons-halflings-regulard41d.eot]
[www.gretchencseibel.com/fonts/glyphicons-halflings-regular.woff]
[www.gretchencseibel.com/fonts/glyphicons-halflings-regular.ttf]
[www.gretchencseibel.com/css/bootstrap.min.css]
[www.gretchencseibel.com/fonts/glyphicons-halflings-regular.svg]
[www.gretchencseibel.com/assets/ionicons/fonts/ionicons28b5.eot]
[www.gretchencseibel.com/assets/ionicons/fonts/ionicons28b5.ttf]
[www.gretchencseibel.com/assets/ionicons/fonts/ionicons28b5.woff]
[www.gretchencseibel.com/assets/ionicons/css/ionicons.css]
[www.gretchencseibel.com/assets/elegant-icons/fonts/ElegantIcons.eot]
[www.gretchencseibel.com/assets/elegant-icons/fonts/ElegantIconsd41d.eot]
[www.gretchencseibel.com/assets/elegant-icons/fonts/ElegantIcons.ttf]
[www.gretchencseibel.com/assets/ionicons/fonts/ionicons28b5.svg]
[www.gretchencseibel.com/assets/elegant-icons/fonts/ElegantIcons.svg]
[www.gretchencseibel.com/assets/elegant-icons/fonts/ElegantIcons.woff]
[www.gretchencseibel.com/assets/elegant-icons/style.css]
[www.gretchencseibel.com/images/loading.gif]
[www.gretchencseibel.com/css/owl.theme.css]
[www.gretchencseibel.com/css/grabbing.png]
[www.gretchencseibel.com/css/owl.carousel.css]
[www.gretchencseibel.com/css/nivo-lightbox.css]
[www.gretchencseibel.com/css/nivo_themes/default/loading.gif]
[www.gretchencseibel.com/css/nivo_themes/default/prev.png]
[www.gretchencseibel.com/css/nivo_themes/default/next.png]
[www.gretchencseibel.com/css/nivo_themes/default/close.png]
[www.gretchencseibel.com/css/nivo_themes/default/loading@2x.gif]
[www.gretchencseibel.com/css/nivo_themes/default/prev@2x.png]
[www.gretchencseibel.com/css/nivo_themes/default/next@2x.png]
[www.gretchencseibel.com/css/nivo_themes/default/close@2x.png]
[www.gretchencseibel.com/css/nivo_themes/default/default.css]
[www.gretchencseibel.com/css/colors/orange.css]
[www.gretchencseibel.com/images/bg-image-1.jpg]
[www.gretchencseibel.com/images/bg-image-2.jpg]
[www.gretchencseibel.com/css/styles.css]
[www.gretchencseibel.com/css/responsive.css]
[www.gretchencseibel.com/fonts/glyphicons-halflings-regular.svg]
[www.gretchencseibel.com/assets/ionicons/fonts/ionicons28b5.svg]
[www.gretchencseibel.com/assets/elegant-icons/fonts/ElegantIcons.svg]
[www.gretchencseibel.com/css/grabbing.html]
[www.gretchencseibel.com/pdfs/GSeibel_3rd_Math_Equal-Shares.pdf]
[www.gretchencseibel.com/pdfs/GSeibel_4th_Language-Arts_Close-Reading.pdf]
